stm32f7xx_it.c:78:6:NMI_Handler	0	static
stm32f7xx_it.c:91:6:HardFault_Handler	0	static
stm32f7xx_it.c:106:6:MemManage_Handler	0	static
stm32f7xx_it.c:121:6:BusFault_Handler	0	static
stm32f7xx_it.c:136:6:UsageFault_Handler	0	static
stm32f7xx_it.c:151:6:DebugMon_Handler	0	static
stm32f7xx_it.c:171:6:TIM6_DAC_IRQHandler	0	static
stm32f7xx_it.c:185:6:USART6_IRQHandler	0	static
stm32f7xx_it.c:199:6:LTDC_IRQHandler	8	static
stm32f7xx_it.c:215:6:DMA2D_IRQHandler	0	static
stm32f7xx_it.c:229:6:I2C4_EV_IRQHandler	0	static
stm32f7xx_it.c:243:6:DSI_IRQHandler	0	static
