HAL.hpp:123:18:virtual void touchgfx::HAL::setDisplayOrientation(touchgfx::DisplayOrientation)	0	static
HAL.hpp:570:18:virtual bool touchgfx::HAL::sampleKey(uint8_t&)	0	static
HAL.hpp:760:30:virtual touchgfx::FlashDataReader* touchgfx::HAL::getFlashDataReader() const	0	static
HAL.hpp:909:18:virtual void touchgfx::HAL::taskDelay(uint16_t)	0	static
HAL.hpp:936:22:virtual uint16_t touchgfx::HAL::getTFTCurrentLine()	0	static
HAL.hpp:947:21:virtual touchgfx::DMAType touchgfx::HAL::getDMAType()	0	static
TouchGFXHAL.cpp:166:11:virtual uint16_t* TouchGFXHAL::getTFTFrameBuffer() const	0	static
TouchGFXHAL.hpp:35:7:TouchGFXHAL::~TouchGFXHAL()	0	static
TouchGFXHAL.cpp:202:6:virtual void TouchGFXHAL::flushFrameBuffer(const touchgfx::Rect&)	24	static,ignoring_inline_asm
TouchGFXHAL.cpp:308:6:virtual bool TouchGFXHAL::beginFrame()	0	static
TouchGFXHAL.cpp:314:6:virtual void TouchGFXHAL::endFrame()	8	static
TouchGFXHAL.cpp:183:6:virtual void TouchGFXHAL::setTFTFrameBuffer(uint16_t*)	0	static
HAL.hpp:538:18:virtual void touchgfx::HAL::backPorchExited()	8	static
TouchGFXHAL.hpp:108:18:virtual void TouchGFXHAL::flushFrameBuffer()	0	static
TouchGFXHAL.hpp:35:7:virtual TouchGFXHAL::~TouchGFXHAL()	8	static
TouchGFXHAL.cpp:133:6:virtual void TouchGFXHAL::taskEntry()	16	static
TouchGFXHAL.cpp:228:6:virtual void TouchGFXHAL::configureInterrupts()	8	static
HAL.hpp:281:28:virtual touchgfx::BlitOperations touchgfx::HAL::getBlitCaps()	0	static
HAL.hpp:1057:18:virtual void touchgfx::HAL::performDisplayOrientationChange()	12	static
TouchGFXHAL.cpp:248:6:virtual void TouchGFXHAL::enableInterrupts()	8	static
TouchGFXHAL.cpp:265:6:virtual void TouchGFXHAL::disableInterrupts()	8	static,ignoring_inline_asm
TouchGFXHAL.cpp:302:6:virtual void TouchGFXHAL::setFrameBufferStartAddresses(void*, void*, void*)	8	static
TouchGFXHAL.cpp:94:1:TouchGFXHAL::TouchGFXHAL(touchgfx::DMA_Interface&, touchgfx::LCD&, touchgfx::TouchController&, uint16_t, uint16_t)	16	static
TouchGFXHAL.cpp:108:6:void TouchGFXHAL::initialize()	16	static
TouchGFXHAL.cpp:331:17:void OTM8009A_IO_Delay(uint32_t)	0	static
TouchGFXHAL.cpp:343:10:void DSI_IO_WriteCmd(uint32_t, uint8_t*)	16	static
TouchGFXHAL.cpp:358:10:void LCD_ReqEnable()	16	static
TouchGFXHAL.cpp:382:10:void LCD_ReqTear()	24	static
TouchGFXHAL.cpp:283:6:virtual void TouchGFXHAL::enableLCDControllerInterrupt()	8	static
TouchGFXHAL.cpp:395:10:void LCD_SetUpdateRegion(int)	16	static
TouchGFXHAL.cpp:400:10:void LCD_SetUpdateRegionLeft()	16	static
TouchGFXHAL.cpp:405:10:void LCD_SetUpdateRegionRight()	16	static
TouchGFXHAL.cpp:419:10:void HAL_DSI_TearingEffectCallback(DSI_HandleTypeDef*)	16	static
TouchGFXHAL.cpp:456:10:void HAL_DSI_EndOfRefreshCallback(DSI_HandleTypeDef*)	16	static
TouchGFXHAL.cpp:557:19:long int IdleTaskHook(void*)	8	static
TouchGFXHAL.cpp:569:1:cpp)	0	static
