stm32f7xx_hal_msp.c:64:6:HAL_MspInit	8	static
stm32f7xx_hal_msp.c:88:6:HAL_CRC_MspInit	8	static
stm32f7xx_hal_msp.c:110:6:HAL_CRC_MspDeInit	0	static
stm32f7xx_hal_msp.c:132:6:HAL_DMA2D_MspInit	16	static
stm32f7xx_hal_msp.c:157:6:HAL_DMA2D_MspDeInit	0	static
stm32f7xx_hal_msp.c:182:6:HAL_DSI_MspInit	40	static
stm32f7xx_hal_msp.c:220:6:HAL_DSI_MspDeInit	8	static
stm32f7xx_hal_msp.c:250:6:HAL_I2C_MspInit	56	static
stm32f7xx_hal_msp.c:297:6:HAL_I2C_MspDeInit	8	static
stm32f7xx_hal_msp.c:330:6:HAL_LTDC_MspInit	16	static
stm32f7xx_hal_msp.c:355:6:HAL_LTDC_MspDeInit	0	static
stm32f7xx_hal_msp.c:380:6:HAL_QSPI_MspInit	64	static
stm32f7xx_hal_msp.c:453:6:HAL_QSPI_MspDeInit	8	static
stm32f7xx_hal_msp.c:494:6:HAL_UART_MspInit	48	static
stm32f7xx_hal_msp.c:560:6:HAL_UART_MspDeInit	8	static
stm32f7xx_hal_msp.c:735:6:HAL_SDRAM_MspInit	48	static
stm32f7xx_hal_msp.c:843:6:HAL_SDRAM_MspDeInit	8	static
stm32f7xx_hal_msp.c:857:6:HAL_SAI_MspInit	48	static
stm32f7xx_hal_msp.c:924:6:HAL_SAI_MspDeInit	8	static
stm32f7xx_hal_msp.c:962:6:BSP_QSPI_MspInit	0	static
stm32f7xx_hal_msp.c:976:6:BSP_QSPI_MspDeInit	0	static
stm32f7xx_hal_msp.c:989:6:BSP_SDRAM_MspInit	0	static
stm32f7xx_hal_msp.c:1002:6:BSP_SDRAM_MspDeInit	0	static
