Screen.hpp:107:18:virtual void touchgfx::Screen::afterTransition()	0	static
Screen.hpp:157:18:virtual void touchgfx::Screen::handleKeyEvent(uint8_t)	0	static
MainView.hpp:11:13:MainView::~MainView()	0	static
MainView.cpp:32:6:virtual void MainView::tearDownScreen()	0	static
MainView.cpp:27:6:virtual void MainView::setupScreen()	0	static
MainView.cpp:37:6:virtual void MainView::uartMsgRdy()	16	static
MainView.hpp:11:13:virtual MainView::~MainView()	8	static
MainView.cpp:16:1:MainView::MainView()	8	static
