Drawable.hpp:134:23:virtual touchgfx::Drawable* touchgfx::Drawable::getFirstChild()	0	static
Drawable.hpp:271:18:virtual void touchgfx::Drawable::setX(int16_t)	0	static
Drawable.hpp:283:18:virtual void touchgfx::Drawable::setY(int16_t)	0	static
Drawable.hpp:312:18:virtual void touchgfx::Drawable::setWidth(int16_t)	0	static
Drawable.hpp:324:18:virtual void touchgfx::Drawable::setHeight(int16_t)	0	static
Drawable.hpp:334:18:virtual void touchgfx::Drawable::childGeometryChanged()	0	static
Drawable.hpp:345:18:virtual void touchgfx::Drawable::handleClickEvent(const touchgfx::ClickEvent&)	0	static
Drawable.hpp:356:18:virtual void touchgfx::Drawable::handleGestureEvent(const touchgfx::GestureEvent&)	0	static
Drawable.hpp:444:18:virtual void touchgfx::Drawable::handleDragEvent(const touchgfx::DragEvent&)	0	static
Drawable.hpp:454:18:virtual void touchgfx::Drawable::handleTickEvent()	0	static
Drawable.hpp:541:18:virtual void touchgfx::Drawable::moveTo(int16_t, int16_t)	4	static
Drawable.hpp:656:18:virtual void touchgfx::Drawable::setupDrawChain(const touchgfx::Rect&, touchgfx::Drawable**)	0	static
Container.hpp:154:23:virtual touchgfx::Drawable* touchgfx::Container::getFirstChild()	0	static
Screen.hpp:96:18:virtual void touchgfx::Screen::setupScreen()	0	static
Screen.hpp:107:18:virtual void touchgfx::Screen::afterTransition()	0	static
Screen.hpp:118:18:virtual void touchgfx::Screen::tearDownScreen()	0	static
Screen.hpp:147:18:virtual void touchgfx::Screen::handleTickEvent()	0	static
Screen.hpp:157:18:virtual void touchgfx::Screen::handleKeyEvent(uint8_t)	0	static
Widget.hpp:50:18:virtual void touchgfx::Widget::getLastChild(int16_t, int16_t, touchgfx::Drawable**)	0	static
TypedText.hpp:68:13:touchgfx::TypedText::~TypedText()	0	static
TextArea.hpp:52:18:virtual touchgfx::Rect touchgfx::TextArea::getSolidRect() const	0	static
TextArea.hpp:119:18:virtual void touchgfx::TextArea::setXBaselineY(int16_t, int16_t)	16	static
View.hpp:40:7:touchgfx::View<MainPresenter>::~View()	0	static
MainViewBase.hpp:23:13:MainViewBase::~MainViewBase()	0	static
MainViewBase.cpp:79:6:virtual void MainViewBase::setupScreen()	0	static
MainViewBase.cpp:85:6:virtual void MainViewBase::handleTickEvent()	0	static
MainViewBase.cpp:97:6:void MainViewBase::graphClickedCallbackHandler(const touchgfx::AbstractDataGraph&, const touchgfx::AbstractDataGraph::GraphClickEvent&)	0	static
Callback.hpp:294:8:touchgfx::Callback<MainViewBase, const touchgfx::AbstractDataGraph&, const touchgfx::AbstractDataGraph::GraphClickEvent&>::~Callback()	0	static
Draggable.hpp:35:7:touchgfx::Draggable<touchgfx::TextAreaWithOneWildcard>::~Draggable()	0	static
GraphWrapAndClear.hpp:58:7:touchgfx::GraphWrapAndClear<150>::~GraphWrapAndClear()	0	static
Callback.hpp:323:18:void touchgfx::Callback<dest_type, T1, T2, void>::execute(T1, T2) [with dest_type = MainViewBase; T1 = const touchgfx::AbstractDataGraph&; T2 = const touchgfx::AbstractDataGraph::GraphClickEvent&]	12	static
Callback.hpp:333:18:bool touchgfx::Callback<dest_type, T1, T2, void>::isValid() const [with dest_type = MainViewBase; T1 = const touchgfx::AbstractDataGraph&; T2 = const touchgfx::AbstractDataGraph::GraphClickEvent&]	0	static
TypedText.hpp:68:13:virtual touchgfx::TypedText::~TypedText()	8	static
View.hpp:40:7:virtual touchgfx::View<MainPresenter>::~View()	8	static
Draggable.hpp:35:7:virtual touchgfx::Draggable<touchgfx::TextAreaWithOneWildcard>::~Draggable()	8	static
GraphWrapAndClear.hpp:58:7:virtual touchgfx::GraphWrapAndClear<150>::~GraphWrapAndClear()	8	static
Callback.hpp:294:8:virtual touchgfx::Callback<MainViewBase, const touchgfx::AbstractDataGraph&, const touchgfx::AbstractDataGraph::GraphClickEvent&>::~Callback()	8	static
MainViewBase.hpp:23:13:virtual MainViewBase::~MainViewBase()	8	static
Draggable.hpp:51:18:void touchgfx::Draggable<T>::handleDragEvent(const touchgfx::DragEvent&) [with T = touchgfx::TextAreaWithOneWildcard]	0	static
TextArea.hpp:103:18:virtual void touchgfx::TextArea::setBaselineY(int16_t)	16	static
TextAreaWithWildcard.hpp:76:22:virtual uint16_t touchgfx::TextAreaWithOneWildcard::getTextWidth() const	32	static
TextAreaWithWildcard.hpp:45:21:virtual int16_t touchgfx::TextAreaWithOneWildcard::getTextHeight()	16	static
Drawable.hpp:218:10:void touchgfx::Drawable::setPosition(int16_t, int16_t, int16_t, int16_t)	24	static
Box.hpp:40:5:touchgfx::Box::Box()	0	static
Color.hpp:51:22:static touchgfx::colortype touchgfx::Color::getColorFrom24BitRGB(uint8_t, uint8_t, uint8_t)	16	static
TextArea.hpp:47:5:touchgfx::TextArea::TextArea()	0	static
MainViewBase.cpp:8:1:MainViewBase::MainViewBase()	80	static
